// Vitest Snapshot v1, https://vitest.dev/guide/snapshot.html

exports[`output/formatters > formatJSON > should format JSON output with version 1`] = `
"{
  "version": "1.0.0",
  "generatedAt": "2026-03-30T09:56:18.170Z",
  "plan": {
    "summary": "Test plan summary",
    "steps": [
      {
        "id": "step-1",
        "title": "Setup database",
        "description": "Configure PostgreSQL",
        "effort": "M",
        "risk": "low",
        "dependencies": [],
        "category": "infrastructure",
        "confidence": 1,
        "proposedBy": [
          "model-a"
        ],
        "variations": [
          {
            "modelName": "model-a",
            "description": "Configure PostgreSQL"
          }
        ]
      }
    ],
    "decisions": [
      {
        "question": "Which framework?",
        "recommendation": "React",
        "reasoning": "Popular and well-supported",
        "alternatives": [
          "Vue",
          "Angular"
        ],
        "confidence": 0.67,
        "proposedBy": [
          "model-a",
          "model-b"
        ],
        "alternativesByModel": {
          "model-a": [
            "Vue"
          ],
          "model-b": [
            "Angular"
          ]
        }
      }
    ],
    "risks": [
      {
        "description": "Data loss during migration",
        "severity": "high",
        "mitigation": "Backup before migration",
        "confidence": 1,
        "proposedBy": [
          "model-a"
        ],
        "severityByModel": {
          "model-a": "high"
        }
      }
    ],
    "disagreements": [],
    "suggestedOrder": [
      "step-1"
    ],
    "modelPlans": []
  }
}"
`;

exports[`output/formatters > formatMarkdown > should format markdown output 1`] = `
"# Plan Council - Consensus Plan

**Summary:** Test plan summary

**Models:** 

## Steps

### Infrastructure

#### Setup database

**Confidence:** 100% | **Effort:** M | **Risk:** low

Configure PostgreSQL

## Key Decisions

### Which framework?

**Confidence:** 67%

**Recommendation:** React

**Reasoning:** Popular and well-supported

**Alternatives:** Vue, Angular

## Risks

### Data loss during migration

**Severity:** HIGH | **Confidence:** 100%

**Mitigation:** Backup before migration

## Suggested Execution Order

1. step-1
"
`;

exports[`output/formatters > formatTerminal > should format terminal output 1`] = `
"
📋 Plan Council - Consensus Plan

────────────────────────────────────────────────────────────────────────────────

Summary:
Test plan summary


📝 Steps


🔧 INFRASTRUCTURE

Setup database [100%] [M] ●
  Configure PostgreSQL


🔀 Key Decisions

Which framework? [67%]
  → React
  Popular and well-supported
  Alternatives: Vue, Angular


⚠️  Risks

⚠️ HIGH Data loss during migration [100%]
  Mitigation: Backup before migration


📅 Suggested Execution Order

1. step-1

────────────────────────────────────────────────────────────────────────────────

Based on 0 model(s): 
"
`;
